[2026-03-22 13:43:32] === LOOP STARTING ===
[2026-03-22 13:43:32] Working directory: /home/user/go/src/github.com/opd-ai/nmcd
[2026-03-22 13:43:32] Prompt directory:  /home/user/go/src/github.com/opd-ai/go-stats-generator
[2026-03-22 13:43:32] Max iterations:    50
[2026-03-22 13:43:32] --- Initialization ---
[2026-03-22 13:43:32] AUDIT.md already exists — skipping BASE_AUDIT.md.
[2026-03-22 13:43:32] PLAN.md not found — delegating MAKE_PLAN.md...
[2026-03-22 13:43:32] Delegating: MAKE_PLAN.md
[2026-03-22 14:02:54] Delegation complete: MAKE_PLAN.md (exit code: 141)
[2026-03-22 14:02:54] PLAN.md created successfully.
[2026-03-22 14:02:54] --- Entering main loop (max 50 iterations) ---
[2026-03-22 14:02:54] 
[2026-03-22 14:02:54] === Iteration 1 / 50 ===
[2026-03-22 14:02:54] Step A: Executing next task...
[2026-03-22 14:02:54] Delegating: EXECUTE.md
[2026-03-22 15:45:01] Delegation complete: EXECUTE.md (exit code: 141)
[2026-03-22 15:45:01] WARNING: EXECUTE.md delegation returned non-zero.
[2026-03-22 15:45:01] Step B: Running tests...
[2026-03-22 15:45:01] Running tests...
[2026-03-22 15:45:50] Tests PASSED
[2026-03-22 15:45:50] [iteration 1] executed EXECUTE.md — tests: PASS
[2026-03-22 15:45:50] 
[2026-03-22 15:45:50] === Iteration 2 / 50 ===
[2026-03-22 15:45:50] Step A: Executing next task...
[2026-03-22 15:45:50] Delegating: EXECUTE.md
